
Running 1 test using 1 worker

BROWSER LOG: cdn.tailwindcss.com should not be used in production. To use Tailwind CSS in production, install it as a PostCSS plugin or use the Tailwind CLI: https://tailwindcss.com/docs/installation
BROWSER LOG: [vite] connecting...
BROWSER LOG: %cDownload the React DevTools for a better development experience: https://react.dev/link/react-devtools font-weight:bold
BROWSER LOG: ΓÜá∩╕Å Firebase keys missing or placeholder used. Running in LOCAL DEMO MODE.
BROWSER LOG: MedFlow AI v1.0.2 - Vitals Page Added - 2025-11-29T09:26:21.766Z
BROWSER LOG: MedFlow AI v1.0.2 - Vitals Page Added - 2025-11-29T09:26:21.768Z
BROWSER LOG: [vite] connected.
  Γ£ÿ  1 [chromium] ΓÇ║ tests\e2e.spec.ts:23:5 ΓÇ║ MedFlow AI E2E ΓÇ║ should register a new patient and navigate to details (24.3s)


  1) [chromium] ΓÇ║ tests\e2e.spec.ts:23:5 ΓÇ║ MedFlow AI E2E ΓÇ║ should register a new patient and navigate to details 

    Error: [2mexpect([22m[31mlocator[39m[2m).[22mtoBeVisible[2m([22m[2m)[22m failed

    Locator: locator('[data-testid="nav-dashboard"]')
    Expected: visible
    Timeout: 20000ms
    Error: element(s) not found

    Call log:
    [2m  - Expect "toBeVisible" with timeout 20000ms[22m
    [2m  - waiting for locator('[data-testid="nav-dashboard"]')[22m


      18 |         }
      19 |         // Verify Dashboard loads
    > 20 |         await expect(page.locator('[data-testid="nav-dashboard"]')).toBeVisible({ timeout: 20000 });
         |                                                                     ^
      21 |     });
      22 |
      23 |     test('should register a new patient and navigate to details', async ({ page }) => {
        at C:\Users\harik\OneDrive\Desktop\New folder\MedFlowAG2-main\MedFlowAG2-main\tests\e2e.spec.ts:20:69

    attachment #1: screenshot (image/png) ΓöÇΓöÇΓöÇΓöÇΓöÇΓöÇΓöÇΓöÇΓöÇΓöÇΓöÇΓöÇΓöÇΓöÇΓöÇΓöÇΓöÇΓöÇΓöÇΓöÇΓöÇΓöÇΓöÇΓöÇΓöÇΓöÇΓöÇΓöÇΓöÇΓöÇΓöÇΓöÇΓöÇΓöÇΓöÇΓöÇΓöÇΓöÇΓöÇΓöÇΓöÇΓöÇΓöÇΓöÇΓöÇΓöÇΓöÇΓöÇΓöÇΓöÇΓöÇΓöÇΓöÇΓöÇΓöÇΓöÇΓöÇΓöÇ
    test-results\e2e-MedFlow-AI-E2E-should--65d2e-ent-and-navigate-to-details-chromium\test-failed-1.png
    ΓöÇΓöÇΓöÇΓöÇΓöÇΓöÇΓöÇΓöÇΓöÇΓöÇΓöÇΓöÇΓöÇΓöÇΓöÇΓöÇΓöÇΓöÇΓöÇΓöÇΓöÇΓöÇΓöÇΓöÇΓöÇΓöÇΓöÇΓöÇΓöÇΓöÇΓöÇΓöÇΓöÇΓöÇΓöÇΓöÇΓöÇΓöÇΓöÇΓöÇΓöÇΓöÇΓöÇΓöÇΓöÇΓöÇΓöÇΓöÇΓöÇΓöÇΓöÇΓöÇΓöÇΓöÇΓöÇΓöÇΓöÇΓöÇΓöÇΓöÇΓöÇΓöÇΓöÇΓöÇΓöÇΓöÇΓöÇΓöÇΓöÇΓöÇΓöÇΓöÇΓöÇΓöÇΓöÇΓöÇΓöÇΓöÇΓöÇΓöÇΓöÇΓöÇΓöÇΓöÇΓöÇΓöÇΓöÇΓöÇΓöÇΓöÇΓöÇΓöÇΓöÇΓöÇΓöÇΓöÇ

    Error Context: test-results\e2e-MedFlow-AI-E2E-should--65d2e-ent-and-navigate-to-details-chromium\error-context.md

  1 failed
    [chromium] ΓÇ║ tests\e2e.spec.ts:23:5 ΓÇ║ MedFlow AI E2E ΓÇ║ should register a new patient and navigate to details 
